I'm sorry, but errors were detected in your script. Please correct the
errors listed below, and try again.


File "game/script.rpy", line 13: imagebutton expects a non-empty block.
    imagebutton:
                ^

Ren'Py Version: Ren'Py 8.1.3.23091805
Tue Apr  9 17:06:38 2024
